   Compiling proc-macro2 v1.0.107
   Compiling unicode-ident v1.0.26
   Compiling wasm-bindgen-shared v0.2.129
   Compiling quote v1.0.47
   Compiling rustversion v1.0.23
   Compiling bumpalo v3.20.3
   Compiling serde_core v1.0.229
   Compiling pin-project-lite v0.2.17
   Compiling futures-task v0.3.34
   Compiling once_cell v1.21.4
   Compiling futures-core v0.3.34
   Compiling slab v0.4.12
   Compiling zmij v1.0.23
   Compiling cfg-if v1.0.5
   Compiling serde_json v1.0.151
   Compiling futures-util v0.3.34
   Compiling serde v1.0.229
   Compiling memchr v2.8.3
   Compiling itoa v1.0.18
   Compiling wasm-bindgen v0.2.129
   Compiling syn v3.0.6
   Compiling wasm-bindgen-macro-support v0.2.129
   Compiling serde_derive v1.0.229
   Compiling wasm-bindgen-macro v0.2.129
   Compiling js-sys v0.3.106
   Compiling web-sys v0.3.106
   Compiling canvas-view v0.1.0 (<checkout>/crates/canvas-view)
    Finished `release` profile [optimized] target(s) in 11.72s
