    Checking itoa v1.0.18
    Checking stable_deref_trait v1.2.1
    Checking pin-project-lite v0.2.17
    Checking bytes v1.12.1
    Checking futures-core v0.3.34
    Checking memchr v2.8.3
    Checking libc v0.2.190
    Checking serde_core v1.0.229
    Checking once_cell v1.21.4
    Checking zerofrom v0.1.8
    Checking smallvec v1.16.2
    Checking log v0.4.34
    Checking litemap v0.8.3
    Checking yoke v0.8.3
    Checking writeable v0.6.4
    Checking tracing-core v0.1.36
    Checking utf8_iter v1.0.4
    Checking percent-encoding v2.3.2
    Checking cfg-if v1.0.5
    Checking zeroize v1.9.1
    Checking zerovec v0.11.8
    Checking zerotrie v0.2.5
    Checking slab v0.4.12
    Checking tower-service v0.3.3
    Checking futures-task v0.3.34
    Checking rustls-pki-types v1.15.1
    Checking icu_properties_data v2.3.0
    Checking icu_normalizer_data v2.3.0
    Checking futures-util v0.3.34
    Checking tracing v0.1.44
    Checking try-lock v0.2.5
    Checking untrusted v0.9.0
    Checking http v1.5.0
    Checking zmij v1.0.23
    Checking want v0.3.2
    Checking httparse v1.10.1
    Checking form_urlencoded v1.2.2
    Checking sync_wrapper v1.0.2
    Checking tower-layer v0.3.3
    Checking httpdate v1.0.3
    Checking atomic-waker v1.1.2
    Checking tinystr v0.8.4
    Checking potential_utf v0.1.6
    Checking futures-channel v0.3.34
    Checking socket2 v0.6.5
    Checking mio v1.2.4
    Checking getrandom v0.2.17
    Checking ryu v1.0.23
    Checking icu_collections v2.3.0
    Checking icu_locale_core v2.3.0
    Checking ring v0.17.14
    Checking ipnet v2.12.2
    Checking subtle v2.6.1
    Checking base64 v0.23.1
    Checking num-traits v0.2.19
    Checking tokio v1.53.2
    Checking http-body v1.1.0
    Checking webpki-roots v1.0.9
    Checking foldhash v0.1.5
    Checking http-body-util v0.1.5
    Checking hashbrown v0.17.1
    Checking bitflags v2.13.2
    Checking equivalent v1.0.2
    Checking hashbrown v0.15.5
    Checking mime v0.3.17
    Checking base64 v0.22.1
    Checking fixedbitset v0.5.7
    Checking icu_provider v2.3.1
    Checking num-integer v0.1.47
    Checking axum-core v0.5.6
    Checking indexmap v2.14.2
    Checking matchit v0.8.4
    Checking icu_normalizer v2.3.0
    Checking icu_properties v2.3.0
    Checking serde v1.0.229
    Checking serde_json v1.0.151
    Checking num-bigint v0.5.1
    Checking serde_path_to_error v0.1.20
    Checking rustls-webpki v0.103.15
    Checking typenum v1.20.1
    Checking csv-core v0.1.13
    Checking serde_urlencoded v0.7.1
    Checking aho-corasick v1.1.5
    Checking rustls v0.23.45
    Checking petgraph v0.8.3
    Checking regex-syntax v0.8.11
    Checking tinyvec v1.13.3
    Checking generic-array v0.14.7
    Checking idna_adapter v1.2.2
    Checking idna v1.1.0
    Checking canvas-view v0.1.0 (<checkout>/crates/canvas-view)
    Checking unicode-normalization v0.1.25
    Checking url v2.5.8
    Checking csv v1.4.0
    Checking api-types v0.1.0 (<checkout>/crates/api-types)
    Checking chrono v0.4.45
    Checking regex-automata v0.4.18
    Checking utf8parse v0.2.2
    Checking block-buffer v0.10.4
    Checking anstyle-parse v1.0.0
    Checking crypto-common v0.1.7
    Checking anstyle-query v1.1.5
    Checking is_terminal_polyfill v1.70.2
    Checking colorchoice v1.0.5
    Checking jiff-core v0.1.1
    Checking anstyle v1.0.14
    Checking cpufeatures v0.2.17
    Checking digest v0.10.7
    Checking anstream v1.0.0
    Checking sha2 v0.10.9
    Checking graph-core v0.1.0 (<checkout>/crates/graph-core)
    Checking jiff v0.2.38
    Checking fixture v0.1.0 (<checkout>/crates/fixture)
    Checking hyper v1.12.0
    Checking tower v0.5.3
    Checking tower-http v0.6.11
    Checking regex v1.13.1
    Checking tokio-rustls v0.26.6
    Checking env_filter v2.0.0
    Checking hyper-util v0.1.21
    Checking env_logger v0.11.11
    Checking hyper-rustls v0.27.10
    Checking axum v0.8.9
    Checking reqwest v0.12.28
    Checking jev-client v0.1.0 (<checkout>/crates/jev-client)
    Checking app-server v0.1.0 (<checkout>/crates/app-server)
    Finished `dev` profile [unoptimized + debuginfo] target(s) in 5.19s
