   Compiling proc-macro2 v1.0.107
   Compiling unicode-ident v1.0.26
   Compiling wasm-bindgen-shared v0.2.129
   Compiling quote v1.0.47
   Compiling rustversion v1.0.23
   Compiling bumpalo v3.20.3
   Compiling serde_core v1.0.229
    Checking once_cell v1.21.4
    Checking futures-task v0.3.34
   Compiling zmij v1.0.23
    Checking pin-project-lite v0.2.17
    Checking slab v0.4.12
    Checking futures-core v0.3.34
    Checking cfg-if v1.0.5
   Compiling serde_json v1.0.151
   Compiling serde v1.0.229
    Checking futures-util v0.3.34
    Checking itoa v1.0.18
    Checking memchr v2.8.3
   Compiling syn v3.0.6
   Compiling wasm-bindgen v0.2.129
   Compiling wasm-bindgen-macro-support v0.2.129
   Compiling serde_derive v1.0.229
   Compiling wasm-bindgen-macro v0.2.129
    Checking js-sys v0.3.106
    Checking web-sys v0.3.106
    Checking canvas-view v0.1.0 (<checkout>/crates/canvas-view)
    Finished `dev` profile [unoptimized + debuginfo] target(s) in 11.31s
