   Compiling proc-macro2 v1.0.107
   Compiling unicode-ident v1.0.26
   Compiling quote v1.0.47
   Compiling libc v0.2.190
   Compiling itoa v1.0.18
   Compiling stable_deref_trait v1.2.1
   Compiling bytes v1.12.1
   Compiling pin-project-lite v0.2.17
   Compiling futures-core v0.3.34
   Compiling once_cell v1.21.4
   Compiling memchr v2.8.3
   Compiling serde_core v1.0.229
   Compiling find-msvc-tools v0.1.14
   Compiling shlex v2.0.1
   Compiling smallvec v1.16.2
   Compiling log v0.4.34
   Compiling cc v1.6.0
   Compiling writeable v0.6.4
   Compiling litemap v0.8.3
   Compiling tracing-core v0.1.36
   Compiling icu_properties_data v2.3.0
   Compiling percent-encoding v2.3.2
   Compiling icu_normalizer_data v2.3.0
   Compiling http v1.5.0
   Compiling utf8_iter v1.0.4
   Compiling cfg-if v1.0.5
   Compiling tracing v0.1.44
   Compiling zeroize v1.9.1
   Compiling futures-task v0.3.34
   Compiling httparse v1.10.1
   Compiling slab v0.4.12
   Compiling tower-service v0.3.3
   Compiling serde v1.0.229
   Compiling autocfg v1.5.1
   Compiling http-body v1.1.0
   Compiling num-traits v0.2.19
   Compiling syn v3.0.6
   Compiling futures-util v0.3.34
   Compiling rustls-pki-types v1.15.1
   Compiling untrusted v0.9.0
   Compiling try-lock v0.2.5
   Compiling zmij v1.0.23
   Compiling ring v0.17.14
   Compiling want v0.3.2
   Compiling socket2 v0.6.5
   Compiling mio v1.2.4
   Compiling getrandom v0.2.17
   Compiling form_urlencoded v1.2.2
   Compiling sync_wrapper v1.0.2
   Compiling httpdate v1.0.3
   Compiling rustls v0.23.45
   Compiling atomic-waker v1.1.2
   Compiling serde_json v1.0.151
   Compiling tower-layer v0.3.3
   Compiling futures-channel v0.3.34
   Compiling base64 v0.23.1
   Compiling ryu v1.0.23
   Compiling subtle v2.6.1
   Compiling ipnet v2.12.2
   Compiling http-body-util v0.1.5
   Compiling equivalent v1.0.2
   Compiling version_check v0.9.5
   Compiling foldhash v0.1.5
   Compiling hashbrown v0.17.1
   Compiling webpki-roots v1.0.9
   Compiling fixedbitset v0.5.7
   Compiling hashbrown v0.15.5
   Compiling bitflags v2.13.2
   Compiling generic-array v0.14.7
   Compiling num-integer v0.1.47
   Compiling mime v0.3.17
   Compiling typenum v1.20.1
   Compiling base64 v0.22.1
   Compiling indexmap v2.14.2
   Compiling num-bigint v0.5.1
   Compiling axum-core v0.5.6
   Compiling serde_path_to_error v0.1.20
   Compiling csv-core v0.1.13
   Compiling aho-corasick v1.1.5
   Compiling matchit v0.8.4
   Compiling regex-syntax v0.8.11
   Compiling petgraph v0.8.3
   Compiling tinyvec v1.13.3
   Compiling synstructure v0.14.0
   Compiling csv v1.4.0
   Compiling unicode-normalization v0.1.25
   Compiling regex-automata v0.4.18
   Compiling chrono v0.4.45
   Compiling utf8parse v0.2.2
   Compiling block-buffer v0.10.4
   Compiling anstyle-parse v1.0.0
   Compiling crypto-common v0.1.7
   Compiling colorchoice v1.0.5
   Compiling anstyle v1.0.14
   Compiling is_terminal_polyfill v1.70.2
   Compiling anstyle-query v1.1.5
   Compiling jiff-core v0.1.1
   Compiling digest v0.10.7
   Compiling anstream v1.0.0
   Compiling cpufeatures v0.2.17
   Compiling sha2 v0.10.9
   Compiling zerofrom-derive v0.1.8
   Compiling yoke-derive v0.8.4
   Compiling zerovec-derive v0.11.6
   Compiling displaydoc v0.2.7
   Compiling tokio-macros v2.7.2
   Compiling serde_derive v1.0.229
   Compiling graph-core v0.1.0 (<checkout>/crates/graph-core)
   Compiling fixture v0.1.0 (<checkout>/crates/fixture)
   Compiling tokio v1.53.2
   Compiling jiff v0.2.38
   Compiling rustls-webpki v0.103.15
   Compiling regex v1.13.1
   Compiling zerofrom v0.1.8
   Compiling env_filter v2.0.0
   Compiling yoke v0.8.3
   Compiling zerovec v0.11.8
   Compiling zerotrie v0.2.5
   Compiling env_logger v0.11.11
   Compiling tinystr v0.8.4
   Compiling potential_utf v0.1.6
   Compiling icu_collections v2.3.0
   Compiling icu_locale_core v2.3.0
   Compiling serde_urlencoded v0.7.1
   Compiling api-types v0.1.0 (<checkout>/crates/api-types)
   Compiling canvas-view v0.1.0 (<checkout>/crates/canvas-view)
   Compiling icu_provider v2.3.1
   Compiling hyper v1.12.0
   Compiling tower v0.5.3
   Compiling icu_normalizer v2.3.0
   Compiling icu_properties v2.3.0
   Compiling tokio-rustls v0.26.6
   Compiling hyper-util v0.1.21
   Compiling idna_adapter v1.2.2
   Compiling idna v1.1.0
   Compiling url v2.5.8
   Compiling tower-http v0.6.11
   Compiling hyper-rustls v0.27.10
   Compiling axum v0.8.9
   Compiling reqwest v0.12.28
   Compiling jev-client v0.1.0 (<checkout>/crates/jev-client)
   Compiling app-server v0.1.0 (<checkout>/crates/app-server)
warning: static `CAPTURE_LOGGER` is never used
   --> crates/app-server/src/jev.rs:223:8
    |
223 | static CAPTURE_LOGGER: CaptureLogger = CaptureLogger;
    |        ^^^^^^^^^^^^^^
    |
    = note: `#[warn(dead_code)]` (part of `#[warn(unused)]`) on by default

warning: `app-server` (lib) generated 1 warning
    Finished `test` profile [unoptimized + debuginfo] target(s) in 13.68s
     Running tests/log_capture.rs (target/debug/deps/log_capture-b102204e8d496479)

running 1 test
test the_credential_canary_never_appears_in_any_log_record ... ok

test result: ok. 1 passed; 0 failed; 0 ignored; 0 measured; 0 filtered out; finished in 0.01s
